<!DOCTYPE html>
<!-- saved from url=(0041)http://fc.vhot119.com/home/trade/wei.html -->
<html><head><meta http-equiv="Content-Type" content="text/html; charset=UTF-8"><meta name="viewport" content="width=device-width, initial-scale=1.0"><title>预计到帐信息</title><link href="__PUBLIC__/Home/expend/css.css" rel="stylesheet"><script src="__PUBLIC__/Home/expend/hm.js"></script><script src="__PUBLIC__/Home/expend/jquery-2.0.3.min.js">

</script>
</head><body bgcolor="#f3efef">
<form>
    <a href="JavaScript:history.go(-1)" id="back"></a>
    <div id="bt"><span>预计到帐信息</span></div><div id="nr">
    <div id="top">
        <div class="baifenbai center" style="padding-top: 5%;"> 您有未到账提成
    <span class="huang qian">￥</span><span class="huang jiner">150</span></div></div><div id="xian">
</div><div id="younz">
    <div class="nr"><div class="left">
    <ul><li>朋友圈广告 推荐 2016-06-17</li><li>业务推荐:济南舜耕广场微生活</li><li>业务实现:我</li></ul></div><div class="zhong"><span class="qian huang qian">￥</span><span class="huang jiner">100</span></div><div class="right">
    业务金额
</div><div class="clear"></div></div>
    <div class="nr"><div class="left">
        <ul><li>朋友圈广告 推荐 2016-07-01</li><li>业务推荐:烟台芝罘塔山微生活</li><li>业务实现:我</li></ul></div><div class="zhong"><span class="qian huang qian">￥</span><span class="huang jiner">200</span></div><div class="right">
    业务金额
</div><div class="clear"></div></div></div></div></form>
<div id="xiaotishi"></div><div id="xiaotishihua"><div class="xiaotishi"><span class="bot"></span><span class="top"></span>
    广告优惠政策是统一的，其他小伙伴做了6万，8万的都是同等待遇    </div></div><script>
    $(document).ready(function () {
        $('#xiaotishi').click(function () {
            $('#xiaotishihua').show();
        });
        $('#xiaotishihua').click(function () {
            $('#xiaotishihua').hide();
        });
    });
</script><div class="linian">诚信　创新　忠诚　共赢</div><div style="display: none"><script>
    var _hmt = _hmt || [];
    (function () {
        var hm = document.createElement("script");
        hm.src = "//hm.baidu.com/hm.js?2866d184a661820df35879dc03c43cff";
        var s = document.getElementsByTagName("script")[0];
        s.parentNode.insertBefore(hm, s);
    })();
</script></div></body></html>